// Jest Snapshot v1, https://goo.gl/fbAQLP

exports[`<ActivityIndicator /> works correctly in dark theme 1`] = `
<View
  style={
    Object {
      "flex": 1,
    }
  }
/>
`;

exports[`<ActivityIndicator /> works correctly in light theme 1`] = `
<View
  style={
    Object {
      "flex": 1,
    }
  }
/>
`;
